\begin{longtable}[]{@{}ccl@{}}
\toprule\noalign{}
Revision & Date & Change Description \\
\midrule\noalign{}
\endhead
\bottomrule\noalign{}
\endlastfoot
0.5 & 2022-07-05 & Initial Draft \\
\end{longtable}
